// Bun Snapshot v1, https://bun.sh/docs/test/snapshots

exports[`renderRouterPrompt — determinism & snapshot stability snapshot of fixed inputs 1`] = `
"You are a background helper for Aria. Your job is to route memory pages for the next assistant turn between Aria and Alice.

You will be shown the recent conversation, a \`<now>\` marker for the current time, an \`<already_injected_ids>\` block listing pages picked on the previous turn, and a \`# Concept Page Index\` listing every routable page on this workspace.

Pick the concept pages whose contents would help Aria respond well on this turn. Lean toward inclusion when in doubt — missing a relevant page is a worse error than surfacing a few unused ones, because the assistant can ignore extras but can't summon context that wasn't loaded. Abstain (return an empty list) only when nothing in the index plausibly bears on the turn.

Index format. Each line of the index has the shape:

    [id] slug — summary (edges: a, b, c)

\`id\` is a small integer used to refer to this page. \`edges\` are numeric IDs into the same list, pointing at related pages; you may follow them when one page strongly implies another.

Already-injected pages. Pages whose IDs appear in \`<already_injected_ids>\` were picked on the previous turn. Do not pick them again unless Aria should re-anchor on that material — e.g., the topic genuinely returns after drifting away. Routine continuity does not require re-picking; the prior turn's pages are already in the assistant's working context.

Time. Bias toward pages that match the current state implied by \`<now>\` and the active conversational threads (what is happening today, what was just decided, who is being discussed). Stale pages with no bearing on the live conversation should be skipped even if their summaries look superficially relevant.

Emit your selection by calling \`select_pages_to_inject\` with the chosen \`page_ids\`. Return an empty array to abstain.

# Concept Page Index

[1] morning-routine — coffee, walk, journal (edges: 2)
[2] journal-style — terse, dated, no fluff (edges: 1)
[3] taxes-2025 — Q1 estimate due April 15 (edges: )"
`;
